Archive member included to satisfy reference by file (symbol)

.pio\build\uno\lib970\libscheduler.a(Event.cpp.o)
                              .pio\build\uno\src\led\led.cpp.o (symbol from plugin) (_Z11EVENT_Clearhm)
.pio\build\uno\lib970\libscheduler.a(scheduler.cpp.o)
                              .pio\build\uno\src\main.cpp.o (symbol from plugin) (_Z14SCHEDULER_Initv)
.pio\build\uno\lib970\libscheduler.a(Task.cpp.o)
                              scheduler.cpp.o (symbol from plugin) (_Z9TASK_InitP6s_TASK)
.pio\build\uno\lib538\libDuinoshop_SSD1306_128x64_I2C.a(Duinoshop_SSD1306_128x64_I2C.cpp.o)
                              .pio\build\uno\src\screen\oled.cpp.o (symbol from plugin) (_ZN17DuinoShop_SSD1306C1Ev)
.pio\build\uno\libFrameworkArduino.a(HardwareSerial.cpp.o)
                              .pio\build\uno\src\Low-Level\Serial.cpp.o (symbol from plugin) (_ZN14HardwareSerial9availableEv)
.pio\build\uno\libFrameworkArduino.a(HardwareSerial0.cpp.o)
                              .pio\build\uno\src\Low-Level\Serial.cpp.o (symbol from plugin) (Serial)
.pio\build\uno\libFrameworkArduino.a(Print.cpp.o)
                              HardwareSerial.cpp.o (symbol from plugin) (_ZN5Print5writeEPKhj)
.pio\build\uno\libFrameworkArduino.a(WString.cpp.o)
                              .pio\build\uno\src\main.cpp.o (symbol from plugin) (_ZN6StringD1Ev)
.pio\build\uno\libFrameworkArduino.a(abi.cpp.o)
                              HardwareSerial0.cpp.o (symbol from plugin) (__cxa_pure_virtual)
.pio\build\uno\libFrameworkArduino.a(main.cpp.o)
                              c:/users/frremarn/.platformio/packages/toolchain-atmelavr/bin/../lib/gcc/avr/7.3.0/../../../../avr/lib/avr5/crtatmega328p.o (main)
.pio\build\uno\libFrameworkArduino.a(wiring.c.o)
                              .pio\build\uno\src\keyboard\keyboard.cpp.o (symbol from plugin) (millis)
.pio\build\uno\libFrameworkArduino.a(wiring_digital.c.o)
                              .pio\build\uno\src\Low-Level\board.cpp.o (symbol from plugin) (pinMode)
.pio\build\uno\libFrameworkArduino.a(hooks.c.o)
                              wiring.c.o (symbol from plugin) (yield)
.pio\build\uno\libd1d\libWire.a(Wire.cpp.o)
                              Duinoshop_SSD1306_128x64_I2C.cpp.o (symbol from plugin) (_ZN7TwoWire5writeEh)
.pio\build\uno\libd1d\libWire.a(twi.c.o)
                              Wire.cpp.o (symbol from plugin) (twi_init)
c:/users/frremarn/.platformio/packages/toolchain-atmelavr/bin/../lib/gcc/avr/7.3.0/avr5\libgcc.a(_exit.o)
                              c:/users/frremarn/.platformio/packages/toolchain-atmelavr/bin/../lib/gcc/avr/7.3.0/../../../../avr/lib/avr5/crtatmega328p.o (exit)
c:/users/frremarn/.platformio/packages/toolchain-atmelavr/bin/../lib/gcc/avr/7.3.0/../../../../avr/lib/avr5\libc.a(dtostrf.o)
                              WString.cpp.o (symbol from plugin) (dtostrf)
c:/users/frremarn/.platformio/packages/toolchain-atmelavr/bin/../lib/gcc/avr/7.3.0/../../../../avr/lib/avr5\libc.a(atof.o)
                              WString.cpp.o (symbol from plugin) (atof)
c:/users/frremarn/.platformio/packages/toolchain-atmelavr/bin/../lib/gcc/avr/7.3.0/../../../../avr/lib/avr5\libc.a(atol.o)
                              WString.cpp.o (symbol from plugin) (atol)
c:/users/frremarn/.platformio/packages/toolchain-atmelavr/bin/../lib/gcc/avr/7.3.0/../../../../avr/lib/avr5\libc.a(strcpy_P.o)
                              WString.cpp.o (symbol from plugin) (strcpy_P)
c:/users/frremarn/.platformio/packages/toolchain-atmelavr/bin/../lib/gcc/avr/7.3.0/../../../../avr/lib/avr5\libc.a(strlen_P.o)
                              WString.cpp.o (symbol from plugin) (__strlen_P)
c:/users/frremarn/.platformio/packages/toolchain-atmelavr/bin/../lib/gcc/avr/7.3.0/../../../../avr/lib/avr5\libc.a(itoa.o)
                              WString.cpp.o (symbol from plugin) (itoa)
c:/users/frremarn/.platformio/packages/toolchain-atmelavr/bin/../lib/gcc/avr/7.3.0/../../../../avr/lib/avr5\libc.a(itoa_ncheck.o)
                              c:/users/frremarn/.platformio/packages/toolchain-atmelavr/bin/../lib/gcc/avr/7.3.0/../../../../avr/lib/avr5\libc.a(itoa.o) (__itoa_ncheck)
c:/users/frremarn/.platformio/packages/toolchain-atmelavr/bin/../lib/gcc/avr/7.3.0/../../../../avr/lib/avr5\libc.a(ltoa.o)
                              WString.cpp.o (symbol from plugin) (ltoa)
c:/users/frremarn/.platformio/packages/toolchain-atmelavr/bin/../lib/gcc/avr/7.3.0/../../../../avr/lib/avr5\libc.a(ltoa_ncheck.o)
                              c:/users/frremarn/.platformio/packages/toolchain-atmelavr/bin/../lib/gcc/avr/7.3.0/../../../../avr/lib/avr5\libc.a(ltoa.o) (__ltoa_ncheck)
c:/users/frremarn/.platformio/packages/toolchain-atmelavr/bin/../lib/gcc/avr/7.3.0/../../../../avr/lib/avr5\libc.a(mulsi10.o)
                              c:/users/frremarn/.platformio/packages/toolchain-atmelavr/bin/../lib/gcc/avr/7.3.0/../../../../avr/lib/avr5\libc.a(atol.o) (__mulsi_const_10)
[...]
Memory Configuration

Name             Origin             Length             Attributes
text             0x00000000         0x00020000         xr
data             0x00800060         0x0000ffa0         rw !x
eeprom           0x00810000         0x00010000         rw !x
fuse             0x00820000         0x00000003         rw !x
lock             0x00830000         0x00000400         rw !x
signature        0x00840000         0x00000400         rw !x
user_signatures  0x00850000         0x00000400         rw !x
*default*        0x00000000         0xffffffff

Linker script and memory map

Address of section .data set to 0x800100
LOAD c:/users/frremarn/.platformio/packages/toolchain-atmelavr/bin/../lib/gcc/avr/7.3.0/../../../../avr/lib/avr5/crtatmega328p.o
LOAD .pio\build\uno\src\Low-Level\Serial.cpp.o
LOAD C:\Users\FRREMARN\AppData\Local\Temp\ccAxCkBR.ltrans0.ltrans.o
LOAD .pio\build\uno\src\Low-Level\board.cpp.o
LOAD .pio\build\uno\src\keyboard\keyboard.cpp.o
LOAD .pio\build\uno\src\led\led.cpp.o
LOAD .pio\build\uno\src\main.cpp.o
LOAD .pio\build\uno\src\screen\display.cpp.o
LOAD .pio\build\uno\src\screen\oled.cpp.o
LOAD .pio\build\uno\src\screen\screen.cpp.o
START GROUP
LOAD .pio\build\uno\lib970\libscheduler.a
LOAD .pio\build\uno\libd1d\libWire.a
LOAD .pio\build\uno\lib538\libDuinoshop_SSD1306_128x64_I2C.a
LOAD .pio\build\uno\libFrameworkArduinoVariant.a
LOAD .pio\build\uno\libFrameworkArduino.a
END GROUP
LOAD c:/users/frremarn/.platformio/packages/toolchain-atmelavr/bin/../lib/gcc/avr/7.3.0/avr5\libgcc.a
LOAD c:/users/frremarn/.platformio/packages/toolchain-atmelavr/bin/../lib/gcc/avr/7.3.0/../../../../avr/lib/avr5\libm.a
START GROUP
LOAD c:/users/frremarn/.platformio/packages/toolchain-atmelavr/bin/../lib/gcc/avr/7.3.0/avr5\libgcc.a
LOAD c:/users/frremarn/.platformio/packages/toolchain-atmelavr/bin/../lib/gcc/avr/7.3.0/../../../../avr/lib/avr5\libm.a
LOAD c:/users/frremarn/.platformio/packages/toolchain-atmelavr/bin/../lib/gcc/avr/7.3.0/../../../../avr/lib/avr5\libc.a
LOAD c:/users/frremarn/.platformio/packages/toolchain-atmelavr/bin/../lib/gcc/avr/7.3.0/../../../../avr/lib/avr5\libatmega328p.a
END GROUP
                0x00020000                __TEXT_REGION_LENGTH__ = DEFINED (__TEXT_REGION_LENGTH__)?__TEXT_REGION_LENGTH__:0x20000
                0x0000ffa0                __DATA_REGION_LENGTH__ = DEFINED (__DATA_REGION_LENGTH__)?__DATA_REGION_LENGTH__:0xffa0
                0x00010000                __EEPROM_REGION_LENGTH__ = DEFINED (__EEPROM_REGION_LENGTH__)?__EEPROM_REGION_LENGTH__:0x10000
                [0x00000003]                __FUSE_REGION_LENGTH__ = DEFINED (__FUSE_REGION_LENGTH__)?__FUSE_REGION_LENGTH__:0x400
                0x00000400                __LOCK_REGION_LENGTH__ = DEFINED (__LOCK_REGION_LENGTH__)?__LOCK_REGION_LENGTH__:0x400
                0x00000400                __SIGNATURE_REGION_LENGTH__ = DEFINED (__SIGNATURE_REGION_LENGTH__)?__SIGNATURE_REGION_LENGTH__:0x400
                0x00000400                __USER_SIGNATURE_REGION_LENGTH__ = DEFINED (__USER_SIGNATURE_REGION_LENGTH__)?__USER_SIGNATURE_REGION_LENGTH__:0x400

.hash
 *(.hash)

.dynsym
 *(.dynsym)

.dynstr
 *(.dynstr)

.gnu.version
 *(.gnu.version)

.gnu.version_d
 *(.gnu.version_d)

.gnu.version_r
 *(.gnu.version_r)

.rel.init
 *(.rel.init)

.rela.init
 *(.rela.init)

.rel.text
 *(.rel.text)
 *(.rel.text.*)
 *(.rel.gnu.linkonce.t*)

.rela.text
 *(.rela.text)
 *(.rela.text.*)
 *(.rela.gnu.linkonce.t*)

.rel.fini
 *(.rel.fini)

.rela.fini
 *(.rela.fini)

.rel.rodata
 *(.rel.rodata)
 *(.rel.rodata.*)
 *(.rel.gnu.linkonce.r*)

.rela.rodata
 *(.rela.rodata)
 *(.rela.rodata.*)
 *(.rela.gnu.linkonce.r*)

.rel.data
 *(.rel.data)
 *(.rel.data.*)
 *(.rel.gnu.linkonce.d*)

.rela.data
 *(.rela.data)
 *(.rela.data.*)
 *(.rela.gnu.linkonce.d*)

.rel.ctors
 *(.rel.ctors)

.rela.ctors
 *(.rela.ctors)

.rel.dtors
 *(.rel.dtors)

.rela.dtors
 *(.rela.dtors)

.rel.got
 *(.rel.got)

.rela.got
 *(.rela.got)

.rel.bss
 *(.rel.bss)

.rela.bss
 *(.rela.bss)

.rel.plt
 *(.rel.plt)

.rela.plt
 *(.rela.plt)

.text           0x00000000     0x95c8
 *(.vectors)
 .vectors       0x00000000       0x68 c:/users/frremarn/.platformio/packages/toolchain-atmelavr/bin/../lib/gcc/avr/7.3.0/../../../../avr/lib/avr5/crtatmega328p.o
                0x00000000                __vector_default
                0x00000000                __vectors
 *(.vectors)
 *(.progmem.gcc*)
                0x00000068                . = ALIGN (0x2)
                0x00000068                __trampolines_start = .
 *(.trampolines)
 .trampolines   0x00000068        0x0 linker stubs
 *(.trampolines*)
                0x00000068                __trampolines_end = .
 *libprintf_flt.a:*(.progmem.data)
 *libc.a:*(.progmem.data)
 .progmem.data  0x00000068       0x3b c:/users/frremarn/.platformio/packages/toolchain-atmelavr/bin/../lib/gcc/avr/7.3.0/../../../../avr/lib/avr5\libc.a(strtod.o)
 .progmem.data  0x000000a3       0xfa c:/users/frremarn/.platformio/packages/toolchain-atmelavr/bin/../lib/gcc/avr/7.3.0/../../../../avr/lib/avr5\libc.a(ftoa_engine.o)
 *(.progmem*)
 .progmem.data  0x0000019d      0x209 C:\Users\FRREMARN\AppData\Local\Temp\ccAxCkBR.ltrans0.ltrans.o
                0x000003a6                . = ALIGN (0x2)
 *(.jumptables)
 *(.jumptables*)
 *(.lowtext)
 *(.lowtext*)
                0x000003a6                __ctors_start = .
 *(.ctors)
 .ctors         0x000003a6        0xe C:\Users\FRREMARN\AppData\Local\Temp\ccAxCkBR.ltrans0.ltrans.o
                0x000003b4                __ctors_end = .
                0x000003b4                __dtors_start = .
 *(.dtors)
 .dtors         0x000003b4        0x2 C:\Users\FRREMARN\AppData\Local\Temp\ccAxCkBR.ltrans0.ltrans.o
                0x000003b6                __dtors_end = .
 SORT(*)(.ctors)
 SORT(*)(.dtors)
 *(.init0)
 .init0         0x000003b6        0x0 c:/users/frremarn/.platformio/packages/toolchain-atmelavr/bin/../lib/gcc/avr/7.3.0/../../../../avr/lib/avr5/crtatmega328p.o
                0x000003b6                __init
 *(.init0)
 *(.init1)
 *(.init1)
 *(.init2)
 .init2         0x000003b6        0xc c:/users/frremarn/.platformio/packages/toolchain-atmelavr/bin/../lib/gcc/avr/7.3.0/../../../../avr/lib/avr5/crtatmega328p.o
 *(.init2)
 *(.init3)
 *(.init3)
 *(.init4)
 .init4         0x000003c2       0x10 c:/users/frremarn/.platformio/packages/toolchain-atmelavr/bin/../lib/gcc/avr/7.3.0/avr5\libgcc.a(_clear_bss.o)
                0x000003c2                __do_clear_bss
 .init4         0x000003d2       0x16 c:/users/frremarn/.platformio/packages/toolchain-atmelavr/bin/../lib/gcc/avr/7.3.0/avr5\libgcc.a(_copy_data.o)
                0x000003d2                __do_copy_data
 *(.init4)
 *(.init5)
 *(.init5)
 *(.init6)
 .init6         0x000003e8       0x16 c:/users/frremarn/.platformio/packages/toolchain-atmelavr/bin/../lib/gcc/avr/7.3.0/avr5\libgcc.a(_ctors.o)
                0x000003e8                __do_global_ctors
 *(.init6)
 *(.init7)
 *(.init7)
 *(.init8)
 *(.init8)
 *(.init9)
 .init9         0x000003fe        0x8 c:/users/frremarn/.platformio/packages/toolchain-atmelavr/bin/../lib/gcc/avr/7.3.0/../../../../avr/lib/avr5/crtatmega328p.o
 *(.init9)
 *(.text)
 .text          0x00000406        0x4 c:/users/frremarn/.platformio/packages/toolchain-atmelavr/bin/../lib/gcc/avr/7.3.0/../../../../avr/lib/avr5/crtatmega328p.o
                0x00000406                __vector_22
                0x00000406                __vector_1
                0x00000406                __vector_12
                0x00000406                __bad_interrupt
                0x00000406                __vector_6
                0x00000406                __vector_3
                0x00000406                __vector_23
                0x00000406                __vector_25
                0x00000406                __vector_11
                0x00000406                __vector_13
                0x00000406                __vector_17
                0x00000406                __vector_7
                0x00000406                __vector_5
                0x00000406                __vector_4
                0x00000406                __vector_9
                0x00000406                __vector_2
                0x00000406                __vector_21
                0x00000406                __vector_15
                0x00000406                __vector_8
                0x00000406                __vector_14
                0x00000406                __vector_10
                0x00000406                __vector_20
 .text          0x0000040a     0x7de6 C:\Users\FRREMARN\AppData\Local\Temp\ccAxCkBR.ltrans0.ltrans.o
                0x00002bfe                __vector_18
                0x00002c56                __vector_19
                0x0000629e                main
                0x000062bc                __vector_16
                0x00007d60                __vector_24
                0x000081f0                . = ALIGN (0x2)
 *(.text.*)
 .text.avr-libc
                0x000081f0       0x3c c:/users/frremarn/.platformio/packages/toolchain-atmelavr/bin/../lib/gcc/avr/7.3.0/../../../../avr/lib/avr5\libc.a(dtostrf.o)
                0x000081f0                dtostrf
 .text.avr-libc
                0x0000822c        0x8 c:/users/frremarn/.platformio/packages/toolchain-atmelavr/bin/../lib/gcc/avr/7.3.0/../../../../avr/lib/avr5\libc.a(atof.o)
                0x0000822c                atof
 .text.avr-libc
                0x00008234       0x4e c:/users/frremarn/.platformio/packages/toolchain-atmelavr/bin/../lib/gcc/avr/7.3.0/../../../../avr/lib/avr5\libc.a(atol.o)
                0x00008234                atol
 .text.avr-libc
                0x00008282        0xe c:/users/frremarn/.platformio/packages/toolchain-atmelavr/bin/../lib/gcc/avr/7.3.0/../../../../avr/lib/avr5\libc.a(strcpy_P.o)
                0x00008282                strcpy_P
 .text.avr-libc
                0x00008290       0x12 c:/users/frremarn/.platformio/packages/toolchain-atmelavr/bin/../lib/gcc/avr/7.3.0/../../../../avr/lib/avr5\libc.a(strlen_P.o)
                0x00008290                __strlen_P
 .text.avr-libc
                0x000082a2       0x16 c:/users/frremarn/.platformio/packages/toolchain-atmelavr/bin/../lib/gcc/avr/7.3.0/../../../../avr/lib/avr5\libc.a(itoa.o)
                0x000082a2                __itoa
                0x000082a2                itoa
 .text.avr-libc
                0x000082b8       0x16 c:/users/frremarn/.platformio/packages/toolchain-atmelavr/bin/../lib/gcc/avr/7.3.0/../../../../avr/lib/avr5\libc.a(itoa_ncheck.o)
                0x000082b8                __itoa_ncheck
 .text.avr-libc
                0x000082ce       0x16 c:/users/frremarn/.platformio/packages/toolchain-atmelavr/bin/../lib/gcc/avr/7.3.0/../../../../avr/lib/avr5\libc.a(ltoa.o)
                0x000082ce                ltoa
                0x000082ce                __ltoa
 .text.avr-libc
                0x000082e4       0x1e c:/users/frremarn/.platformio/packages/toolchain-atmelavr/bin/../lib/gcc/avr/7.3.0/../../../../avr/lib/avr5\libc.a(ltoa_ncheck.o)
                0x000082e4                __ltoa_ncheck
 .text.avr-libc
                0x00008302       0x2a c:/users/frremarn/.platformio/packages/toolchain-atmelavr/bin/../lib/gcc/avr/7.3.0/../../../../avr/lib/avr5\libc.a(mulsi10.o)
                0x00008302                __mulsi_const_10
 .text.avr-libc
                0x0000832c       0x16 c:/users/frremarn/.platformio/packages/toolchain-atmelavr/bin/../lib/gcc/avr/7.3.0/../../../../avr/lib/avr5\libc.a(ultoa.o)
                0x0000832c                ultoa
                0x0000832c                __ultoa
 .text.avr-libc
                0x00008342       0x44 c:/users/frremarn/.platformio/packages/toolchain-atmelavr/bin/../lib/gcc/avr/7.3.0/../../../../avr/lib/avr5\libc.a(ultoa_ncheck.o)
                0x00008342                __ultoa_ncheck
                0x00008344                __ultoa_common
 .text.avr-libc
                0x00008386       0x16 c:/users/frremarn/.platformio/packages/toolchain-atmelavr/bin/../lib/gcc/avr/7.3.0/../../../../avr/lib/avr5\libc.a(utoa.o)
                0x00008386                __utoa
                0x00008386                utoa
 .text.avr-libc
                0x0000839c       0x34 c:/users/frremarn/.platformio/packages/toolchain-atmelavr/bin/../lib/gcc/avr/7.3.0/../../../../avr/lib/avr5\libc.a(utoa_ncheck.o)
                0x0000839c                __utoa_ncheck
                0x0000839e                __utoa_common
 .text.avr-libc
                0x000083d0      0x2be c:/users/frremarn/.platformio/packages/toolchain-atmelavr/bin/../lib/gcc/avr/7.3.0/../../../../avr/lib/avr5\libc.a(dtoa_prf.o)
                0x000083d0                dtoa_prf
 .text.avr-libc
                0x0000868e      0x2a0 c:/users/frremarn/.platformio/packages/toolchain-atmelavr/bin/../lib/gcc/avr/7.3.0/../../../../avr/lib/avr5\libc.a(strtod.o)
                0x0000868e                strtod
 .text.avr-libc
                0x0000892e      0x1b0 c:/users/frremarn/.platformio/packages/toolchain-atmelavr/bin/../lib/gcc/avr/7.3.0/../../../../avr/lib/avr5\libc.a(ftoa_engine.o)
                0x0000892e                __ftoa_engine
 .text.avr-libc
                0x00008ade       0x12 c:/users/frremarn/.platformio/packages/toolchain-atmelavr/bin/../lib/gcc/avr/7.3.0/../../../../avr/lib/avr5\libc.a(isspace.o)
                0x00008ade                isspace
 .text.avr-libc
                0x00008af0       0x30 c:/users/frremarn/.platformio/packages/toolchain-atmelavr/bin/../lib/gcc/avr/7.3.0/../../../../avr/lib/avr5\libc.a(strncasecmp_P.o)
                0x00008af0                strncasecmp_P
 .text.avr-libc
                0x00008b20       0x20 c:/users/frremarn/.platformio/packages/toolchain-atmelavr/bin/../lib/gcc/avr/7.3.0/../../../../avr/lib/avr5\libc.a(strrev.o)
                0x00008b20                strrev
 .text.avr-libc.fplib
                0x00008b40        0xa c:/users/frremarn/.platformio/packages/toolchain-atmelavr/bin/../lib/gcc/avr/7.3.0/../../../../avr/lib/avr5\libc.a(cmpsf2.o)
                0x00008b40                __nesf2
                0x00008b40                __eqsf2
                0x00008b40                __cmpsf2
                0x00008b40                __ltsf2
                0x00008b40                __lesf2
 .text.avr-libc.fplib
                0x00008b4a       0x7a c:/users/frremarn/.platformio/packages/toolchain-atmelavr/bin/../lib/gcc/avr/7.3.0/../../../../avr/lib/avr5\libc.a(floatsisf.o)
                0x00008b4a                __floatunsisf
                0x00008b4e                __floatsisf
 .text.avr-libc.fplib
                0x00008bc4       0x48 c:/users/frremarn/.platformio/packages/toolchain-atmelavr/bin/../lib/gcc/avr/7.3.0/../../../../avr/lib/avr5\libc.a(fp_cmp.o)
                0x00008bc4                __fp_cmp
 .text.avr-libc.fplib
                0x00008c0c        0x8 c:/users/frremarn/.platformio/packages/toolchain-atmelavr/bin/../lib/gcc/avr/7.3.0/../../../../avr/lib/avr5\libc.a(mulsf3.o)
                0x00008c0c                __mulsf3
 .text.avr-libc.fplib
                0x00008c14       0xd2 c:/users/frremarn/.platformio/packages/toolchain-atmelavr/bin/../lib/gcc/avr/7.3.0/../../../../avr/lib/avr5\libc.a(mulsf3x.o)
                0x00008c32                __mulsf3x
                0x00008c38                __mulsf3_pse
 .text.avr-libc
                0x00008ce6        0x6 c:/users/frremarn/.platformio/packages/toolchain-atmelavr/bin/../lib/gcc/avr/7.3.0/../../../../avr/lib/avr5\libc.a(cty_isfalse.o)
                0x00008ce6                __ctype_isfalse
                0x00008cea                __ctype_istrue
 .text.avr-libc.fplib
                0x00008cec        0xc c:/users/frremarn/.platformio/packages/toolchain-atmelavr/bin/../lib/gcc/avr/7.3.0/../../../../avr/lib/avr5\libc.a(fp_inf.o)
                0x00008cec                __fp_inf
 .text.avr-libc.fplib
                0x00008cf8        0x6 c:/users/frremarn/.platformio/packages/toolchain-atmelavr/bin/../lib/gcc/avr/7.3.0/../../../../avr/lib/avr5\libc.a(fp_nan.o)
                0x00008cf8                __fp_nan
 .text.avr-libc.fplib
                0x00008cfe        0xe c:/users/frremarn/.platformio/packages/toolchain-atmelavr/bin/../lib/gcc/avr/7.3.0/../../../../avr/lib/avr5\libc.a(fp_pscA.o)
                0x00008cfe                __fp_pscA
 .text.avr-libc.fplib
                0x00008d0c        0xe c:/users/frremarn/.platformio/packages/toolchain-atmelavr/bin/../lib/gcc/avr/7.3.0/../../../../avr/lib/avr5\libc.a(fp_pscB.o)
                0x00008d0c                __fp_pscB
 .text.avr-libc.fplib
                0x00008d1a       0x22 c:/users/frremarn/.platformio/packages/toolchain-atmelavr/bin/../lib/gcc/avr/7.3.0/../../../../avr/lib/avr5\libc.a(fp_round.o)
                0x00008d1a                __fp_round
 .text.avr-libc.fplib
                0x00008d3c       0x44 c:/users/frremarn/.platformio/packages/toolchain-atmelavr/bin/../lib/gcc/avr/7.3.0/../../../../avr/lib/avr5\libc.a(fp_split3.o)
                0x00008d3c                __fp_split3
                0x00008d4c                __fp_splitA
 .text.avr-libc.fplib
                0x00008d80        0xe c:/users/frremarn/.platformio/packages/toolchain-atmelavr/bin/../lib/gcc/avr/7.3.0/../../../../avr/lib/avr5\libc.a(fp_zero.o)
                0x00008d80                __fp_zero
                0x00008d82                __fp_szero
 .text.libgcc.mul
                0x00008d8e       0x16 c:/users/frremarn/.platformio/packages/toolchain-atmelavr/bin/../lib/gcc/avr/7.3.0/avr5\libgcc.a(_muluhisi3.o)
                0x00008d8e                __muluhisi3
 .text.libgcc.prologue
                0x00008da4       0x38 c:/users/frremarn/.platformio/packages/toolchain-atmelavr/bin/../lib/gcc/avr/7.3.0/avr5\libgcc.a(_prologue.o)
                0x00008da4                __prologue_saves__
 .text.libgcc.prologue
                0x00008ddc       0x36 c:/users/frremarn/.platformio/packages/toolchain-atmelavr/bin/../lib/gcc/avr/7.3.0/avr5\libgcc.a(_epilogue.o)
                0x00008ddc                __epilogue_restores__
 .text.libgcc.mul
                0x00008e12       0x1e c:/users/frremarn/.platformio/packages/toolchain-atmelavr/bin/../lib/gcc/avr/7.3.0/avr5\libgcc.a(_umulhisi3.o)
                0x00008e12                __umulhisi3
 .text.libgcc.div
                0x00008e30       0x44 c:/users/frremarn/.platformio/packages/toolchain-atmelavr/bin/../lib/gcc/avr/7.3.0/avr5\libgcc.a(_udivmodsi4.o)
                0x00008e30                __udivmodsi4
 .text.libgcc   0x00008e74        0xc c:/users/frremarn/.platformio/packages/toolchain-atmelavr/bin/../lib/gcc/avr/7.3.0/avr5\libgcc.a(_tablejump2.o)
                0x00008e74                __tablejump2__
 .text.avr-libc.fplib
                0x00008e80        0xe c:/users/frremarn/.platformio/packages/toolchain-atmelavr/bin/../lib/gcc/avr/7.3.0/../../../../avr/lib/avr5\libm.a(addsf3.o)
                0x00008e80                __subsf3
                0x00008e82                __addsf3
 .text.avr-libc.fplib
                0x00008e8e       0xcc c:/users/frremarn/.platformio/packages/toolchain-atmelavr/bin/../lib/gcc/avr/7.3.0/../../../../avr/lib/avr5\libm.a(addsf3x.o)
                0x00008eb0                __addsf3x
 .text.avr-libc.fplib
                0x00008f5a        0x8 c:/users/frremarn/.platformio/packages/toolchain-atmelavr/bin/../lib/gcc/avr/7.3.0/../../../../avr/lib/avr5\libm.a(divsf3.o)
                0x00008f5a                __divsf3
 .text.avr-libc.fplib
                0x00008f62       0xdc c:/users/frremarn/.platformio/packages/toolchain-atmelavr/bin/../lib/gcc/avr/7.3.0/../../../../avr/lib/avr5\libm.a(divsf3x.o)
                0x00008f82                __divsf3x
                0x00008f88                __divsf3_pse
 .text.avr-libc.fplib
                0x0000903e       0x5e c:/users/frremarn/.platformio/packages/toolchain-atmelavr/bin/../lib/gcc/avr/7.3.0/../../../../avr/lib/avr5\libm.a(fixunssfsi.o)
                0x0000903e                __fixunssfsi
 .text.avr-libc.fplib
                0x0000909c        0xa c:/users/frremarn/.platformio/packages/toolchain-atmelavr/bin/../lib/gcc/avr/7.3.0/../../../../avr/lib/avr5\libm.a(gesf2.o)
                0x0000909c                __gesf2
                0x0000909c                __gtsf2
 .text.avr-libc.fplib
                0x000090a6        0xa c:/users/frremarn/.platformio/packages/toolchain-atmelavr/bin/../lib/gcc/avr/7.3.0/../../../../avr/lib/avr5\libm.a(unordsf2.o)
                0x000090a6                __unordsf2
 .text.avr-libc
                0x000090b0      0x24a c:/users/frremarn/.platformio/packages/toolchain-atmelavr/bin/../lib/gcc/avr/7.3.0/../../../../avr/lib/avr5\libc.a(malloc.o)
                0x000090b0                malloc
                0x000091e8                free
 .text.avr-libc
                0x000092fa      0x17a c:/users/frremarn/.platformio/packages/toolchain-atmelavr/bin/../lib/gcc/avr/7.3.0/../../../../avr/lib/avr5\libc.a(realloc.o)
                0x000092fa                realloc
 .text.avr-libc
                0x00009474        0xa c:/users/frremarn/.platformio/packages/toolchain-atmelavr/bin/../lib/gcc/avr/7.3.0/../../../../avr/lib/avr5\libc.a(abort.o)
                0x00009474                abort
 .text.avr-libc
                0x0000947e       0x10 c:/users/frremarn/.platformio/packages/toolchain-atmelavr/bin/../lib/gcc/avr/7.3.0/../../../../avr/lib/avr5\libc.a(tolower.o)
                0x0000947e                tolower
 .text.avr-libc
                0x0000948e       0x10 c:/users/frremarn/.platformio/packages/toolchain-atmelavr/bin/../lib/gcc/avr/7.3.0/../../../../avr/lib/avr5\libc.a(toupper.o)
                0x0000948e                toupper
 .text.avr-libc
                0x0000949e       0x12 c:/users/frremarn/.platformio/packages/toolchain-atmelavr/bin/../lib/gcc/avr/7.3.0/../../../../avr/lib/avr5\libc.a(memcpy.o)
                0x0000949e                memcpy
 .text.avr-libc
                0x000094b0       0x24 c:/users/frremarn/.platformio/packages/toolchain-atmelavr/bin/../lib/gcc/avr/7.3.0/../../../../avr/lib/avr5\libc.a(memmove.o)
                0x000094b0                memmove
 .text.avr-libc
                0x000094d4        0xe c:/users/frremarn/.platformio/packages/toolchain-atmelavr/bin/../lib/gcc/avr/7.3.0/../../../../avr/lib/avr5\libc.a(memset.o)
                0x000094d4                memset
 .text.avr-libc
                0x000094e2       0x16 c:/users/frremarn/.platformio/packages/toolchain-atmelavr/bin/../lib/gcc/avr/7.3.0/../../../../avr/lib/avr5\libc.a(strchr.o)
                0x000094e2                strchr
 .text.avr-libc
                0x000094f8       0x12 c:/users/frremarn/.platformio/packages/toolchain-atmelavr/bin/../lib/gcc/avr/7.3.0/../../../../avr/lib/avr5\libc.a(strcmp.o)
                0x000094f8                strcmp
 .text.avr-libc
                0x0000950a        0xe c:/users/frremarn/.platformio/packages/toolchain-atmelavr/bin/../lib/gcc/avr/7.3.0/../../../../avr/lib/avr5\libc.a(strcpy.o)
                0x0000950a                strcpy
 .text.avr-libc
                0x00009518       0x12 c:/users/frremarn/.platformio/packages/toolchain-atmelavr/bin/../lib/gcc/avr/7.3.0/../../../../avr/lib/avr5\libc.a(strlen.o)
                0x00009518                strlen
 .text.avr-libc
                0x0000952a       0x1c c:/users/frremarn/.platformio/packages/toolchain-atmelavr/bin/../lib/gcc/avr/7.3.0/../../../../avr/lib/avr5\libc.a(strncmp.o)
                0x0000952a                strncmp
 .text.avr-libc
                0x00009546       0x1e c:/users/frremarn/.platformio/packages/toolchain-atmelavr/bin/../lib/gcc/avr/7.3.0/../../../../avr/lib/avr5\libc.a(strncpy.o)
                0x00009546                strncpy
 .text.avr-libc
                0x00009564       0x16 c:/users/frremarn/.platformio/packages/toolchain-atmelavr/bin/../lib/gcc/avr/7.3.0/../../../../avr/lib/avr5\libc.a(strrchr.o)
                0x00009564                strrchr
 .text.avr-libc
                0x0000957a       0x34 c:/users/frremarn/.platformio/packages/toolchain-atmelavr/bin/../lib/gcc/avr/7.3.0/../../../../avr/lib/avr5\libc.a(strstr.o)
                0x0000957a                strstr
                0x000095ae                . = ALIGN (0x2)
 *(.fini9)
 .fini9         0x000095ae        0x0 c:/users/frremarn/.platformio/packages/toolchain-atmelavr/bin/../lib/gcc/avr/7.3.0/avr5\libgcc.a(_exit.o)
                0x000095ae                _exit
                0x000095ae                exit
 *(.fini9)
 *(.fini8)
 *(.fini8)
 *(.fini7)
 *(.fini7)
 *(.fini6)
 .fini6         0x000095ae       0x16 c:/users/frremarn/.platformio/packages/toolchain-atmelavr/bin/../lib/gcc/avr/7.3.0/avr5\libgcc.a(_dtors.o)
                0x000095ae                __do_global_dtors
 *(.fini6)
 *(.fini5)
 *(.fini5)
 *(.fini4)
 *(.fini4)
 *(.fini3)
 *(.fini3)
 *(.fini2)
 *(.fini2)
 *(.fini1)
 *(.fini1)
 *(.fini0)
 .fini0         0x000095c4        0x4 c:/users/frremarn/.platformio/packages/toolchain-atmelavr/bin/../lib/gcc/avr/7.3.0/avr5\libgcc.a(_exit.o)
 *(.fini0)
                0x000095c8                _etext = .

.data           0x00800100      0x1b2 load address 0x000095c8
                0x00800100                PROVIDE (__data_start, .)
 *(.data)
 .data          0x00800100        0x2 C:\Users\FRREMARN\AppData\Local\Temp\ccAxCkBR.ltrans0.ltrans.o
 .data          0x00800102        0x6 c:/users/frremarn/.platformio/packages/toolchain-atmelavr/bin/../lib/gcc/avr/7.3.0/../../../../avr/lib/avr5\libc.a(malloc.o)
                0x00800102                __malloc_heap_end
                0x00800104                __malloc_heap_start
                0x00800106                __malloc_margin
 *(.data*)
 *(.gnu.linkonce.d*)
 *(.rodata)
 .rodata        0x00800108      0x14c C:\Users\FRREMARN\AppData\Local\Temp\ccAxCkBR.ltrans0.ltrans.o
 *(.rodata*)
 .rodata.str1.1
                0x00800254       0x5d C:\Users\FRREMARN\AppData\Local\Temp\ccAxCkBR.ltrans0.ltrans.o
                                 0x5e (size before relaxing)
 *(.gnu.linkonce.r*)
                0x008002b2                . = ALIGN (0x2)
 *fill*         0x008002b1        0x1 
                0x008002b2                _edata = .
                0x008002b2                PROVIDE (__data_end, .)

.bss            0x008002b2      0x1ff
                0x008002b2                PROVIDE (__bss_start, .)
 *(.bss)
 .bss           0x008002b2      0x1f9 C:\Users\FRREMARN\AppData\Local\Temp\ccAxCkBR.ltrans0.ltrans.o
 *(.bss*)
 *(COMMON)
 COMMON         0x008004ab        0x2 c:/users/frremarn/.platformio/packages/toolchain-atmelavr/bin/../lib/gcc/avr/7.3.0/../../../../avr/lib/avr5\libc.a(errno.o)
                0x008004ab                errno
 COMMON         0x008004ad        0x4 c:/users/frremarn/.platformio/packages/toolchain-atmelavr/bin/../lib/gcc/avr/7.3.0/../../../../avr/lib/avr5\libc.a(malloc.o)
                0x008004ad                __brkval
                0x008004af                __flp
                0x008004b1                PROVIDE (__bss_end, .)
                0x000095c8                __data_load_start = LOADADDR (.data)
                0x0000977a                __data_load_end = (__data_load_start + SIZEOF (.data))

.noinit         0x008004b1        0x0
                [!provide]                PROVIDE (__noinit_start, .)
 *(.noinit*)
                [!provide]                PROVIDE (__noinit_end, .)
                0x008004b1                _end = .
                0x008004b1                PROVIDE (__heap_start, .)

.eeprom         0x00810000        0x0
 *(.eeprom*)
                0x00810000                __eeprom_end = .

.fuse
 *(.fuse)
 *(.lfuse)
 *(.hfuse)
 *(.efuse)

.lock
 *(.lock*)

.signature
 *(.signature*)

.user_signatures
 *(.user_signatures*)

.stab
 *(.stab)

.stabstr
 *(.stabstr)

.stab.excl
 *(.stab.excl)

.stab.exclstr
 *(.stab.exclstr)

.stab.index
 *(.stab.index)

.stab.indexstr
 *(.stab.indexstr)

.comment        0x00000000       0x11
 *(.comment)
 .comment       0x00000000       0x12 C:\Users\FRREMARN\AppData\Local\Temp\ccAxCkBR.ltrans0.ltrans.o
 .comment       0x00000000       0x11 c:/users/frremarn/.platformio/packages/toolchain-atmelavr/bin/../lib/gcc/avr/7.3.0/../../../../avr/lib/avr5\libc.a(dtostrf.o)
                                 0x12 (size before relaxing)
 .comment       0x00000011       0x12 c:/users/frremarn/.platformio/packages/toolchain-atmelavr/bin/../lib/gcc/avr/7.3.0/../../../../avr/lib/avr5\libc.a(dtoa_prf.o)
 .comment       0x00000011       0x12 c:/users/frremarn/.platformio/packages/toolchain-atmelavr/bin/../lib/gcc/avr/7.3.0/../../../../avr/lib/avr5\libc.a(strtod.o)
 .comment       0x00000011       0x12 c:/users/frremarn/.platformio/packages/toolchain-atmelavr/bin/../lib/gcc/avr/7.3.0/../../../../avr/lib/avr5\libc.a(errno.o)
 .comment       0x00000011       0x12 c:/users/frremarn/.platformio/packages/toolchain-atmelavr/bin/../lib/gcc/avr/7.3.0/../../../../avr/lib/avr5\libc.a(malloc.o)
 .comment       0x00000011       0x12 c:/users/frremarn/.platformio/packages/toolchain-atmelavr/bin/../lib/gcc/avr/7.3.0/../../../../avr/lib/avr5\libc.a(realloc.o)

.note.gnu.avr.deviceinfo
                0x00000000       0x40
 .note.gnu.avr.deviceinfo
                0x00000000       0x40 c:/users/frremarn/.platformio/packages/toolchain-atmelavr/bin/../lib/gcc/avr/7.3.0/../../../../avr/lib/avr5/crtatmega328p.o

.note.gnu.build-id
 *(.note.gnu.build-id)

.debug
 *(.debug)

.line
 *(.line)

.debug_srcinfo
 *(.debug_srcinfo)

.debug_sfnames
 *(.debug_sfnames)

.debug_aranges  0x00000000      0x160
 *(.debug_aranges)
 .debug_aranges
                0x00000000       0x20 c:/users/frremarn/.platformio/packages/toolchain-atmelavr/bin/../lib/gcc/avr/7.3.0/avr5\libgcc.a(_exit.o)
 .debug_aranges
                0x00000020       0x20 c:/users/frremarn/.platformio/packages/toolchain-atmelavr/bin/../lib/gcc/avr/7.3.0/avr5\libgcc.a(_clear_bss.o)
 .debug_aranges
                0x00000040       0x20 c:/users/frremarn/.platformio/packages/toolchain-atmelavr/bin/../lib/gcc/avr/7.3.0/avr5\libgcc.a(_muluhisi3.o)
 .debug_aranges
                0x00000060       0x20 c:/users/frremarn/.platformio/packages/toolchain-atmelavr/bin/../lib/gcc/avr/7.3.0/avr5\libgcc.a(_prologue.o)
 .debug_aranges
                0x00000080       0x20 c:/users/frremarn/.platformio/packages/toolchain-atmelavr/bin/../lib/gcc/avr/7.3.0/avr5\libgcc.a(_epilogue.o)
 .debug_aranges
                0x000000a0       0x20 c:/users/frremarn/.platformio/packages/toolchain-atmelavr/bin/../lib/gcc/avr/7.3.0/avr5\libgcc.a(_umulhisi3.o)
 .debug_aranges
                0x000000c0       0x20 c:/users/frremarn/.platformio/packages/toolchain-atmelavr/bin/../lib/gcc/avr/7.3.0/avr5\libgcc.a(_udivmodsi4.o)
 .debug_aranges
                0x000000e0       0x20 c:/users/frremarn/.platformio/packages/toolchain-atmelavr/bin/../lib/gcc/avr/7.3.0/avr5\libgcc.a(_tablejump2.o)
 .debug_aranges
                0x00000100       0x20 c:/users/frremarn/.platformio/packages/toolchain-atmelavr/bin/../lib/gcc/avr/7.3.0/avr5\libgcc.a(_copy_data.o)
 .debug_aranges
                0x00000120       0x20 c:/users/frremarn/.platformio/packages/toolchain-atmelavr/bin/../lib/gcc/avr/7.3.0/avr5\libgcc.a(_ctors.o)
 .debug_aranges
                0x00000140       0x20 c:/users/frremarn/.platformio/packages/toolchain-atmelavr/bin/../lib/gcc/avr/7.3.0/avr5\libgcc.a(_dtors.o)

.debug_pubnames
 *(.debug_pubnames)

.debug_info     0x00000000      0xdfd
 *(.debug_info .gnu.linkonce.wi.*)
 .debug_info    0x00000000      0x5f4 c:/users/frremarn/.platformio/packages/toolchain-atmelavr/bin/../lib/gcc/avr/7.3.0/../../../../avr/lib/avr5/crtatmega328p.o
 .debug_info    0x000005f4       0xbb c:/users/frremarn/.platformio/packages/toolchain-atmelavr/bin/../lib/gcc/avr/7.3.0/avr5\libgcc.a(_exit.o)
 .debug_info    0x000006af       0xbb c:/users/frremarn/.platformio/packages/toolchain-atmelavr/bin/../lib/gcc/avr/7.3.0/avr5\libgcc.a(_clear_bss.o)
 .debug_info    0x0000076a       0xbb c:/users/frremarn/.platformio/packages/toolchain-atmelavr/bin/../lib/gcc/avr/7.3.0/avr5\libgcc.a(_muluhisi3.o)
 .debug_info    0x00000825       0xbb c:/users/frremarn/.platformio/packages/toolchain-atmelavr/bin/../lib/gcc/avr/7.3.0/avr5\libgcc.a(_prologue.o)
 .debug_info    0x000008e0       0xbb c:/users/frremarn/.platformio/packages/toolchain-atmelavr/bin/../lib/gcc/avr/7.3.0/avr5\libgcc.a(_epilogue.o)
 .debug_info    0x0000099b       0xbb c:/users/frremarn/.platformio/packages/toolchain-atmelavr/bin/../lib/gcc/avr/7.3.0/avr5\libgcc.a(_umulhisi3.o)
 .debug_info    0x00000a56       0xbb c:/users/frremarn/.platformio/packages/toolchain-atmelavr/bin/../lib/gcc/avr/7.3.0/avr5\libgcc.a(_udivmodsi4.o)
 .debug_info    0x00000b11       0xbb c:/users/frremarn/.platformio/packages/toolchain-atmelavr/bin/../lib/gcc/avr/7.3.0/avr5\libgcc.a(_tablejump2.o)
 .debug_info    0x00000bcc       0xbb c:/users/frremarn/.platformio/packages/toolchain-atmelavr/bin/../lib/gcc/avr/7.3.0/avr5\libgcc.a(_copy_data.o)
 .debug_info    0x00000c87       0xbb c:/users/frremarn/.platformio/packages/toolchain-atmelavr/bin/../lib/gcc/avr/7.3.0/avr5\libgcc.a(_ctors.o)
 .debug_info    0x00000d42       0xbb c:/users/frremarn/.platformio/packages/toolchain-atmelavr/bin/../lib/gcc/avr/7.3.0/avr5\libgcc.a(_dtors.o)

.debug_abbrev   0x00000000      0x67e
 *(.debug_abbrev)
 .debug_abbrev  0x00000000      0x5a2 c:/users/frremarn/.platformio/packages/toolchain-atmelavr/bin/../lib/gcc/avr/7.3.0/../../../../avr/lib/avr5/crtatmega328p.o
 .debug_abbrev  0x000005a2       0x14 c:/users/frremarn/.platformio/packages/toolchain-atmelavr/bin/../lib/gcc/avr/7.3.0/avr5\libgcc.a(_exit.o)
 .debug_abbrev  0x000005b6       0x14 c:/users/frremarn/.platformio/packages/toolchain-atmelavr/bin/../lib/gcc/avr/7.3.0/avr5\libgcc.a(_clear_bss.o)
 .debug_abbrev  0x000005ca       0x14 c:/users/frremarn/.platformio/packages/toolchain-atmelavr/bin/../lib/gcc/avr/7.3.0/avr5\libgcc.a(_muluhisi3.o)
 .debug_abbrev  0x000005de       0x14 c:/users/frremarn/.platformio/packages/toolchain-atmelavr/bin/../lib/gcc/avr/7.3.0/avr5\libgcc.a(_prologue.o)
 .debug_abbrev  0x000005f2       0x14 c:/users/frremarn/.platformio/packages/toolchain-atmelavr/bin/../lib/gcc/avr/7.3.0/avr5\libgcc.a(_epilogue.o)
 .debug_abbrev  0x00000606       0x14 c:/users/frremarn/.platformio/packages/toolchain-atmelavr/bin/../lib/gcc/avr/7.3.0/avr5\libgcc.a(_umulhisi3.o)
 .debug_abbrev  0x0000061a       0x14 c:/users/frremarn/.platformio/packages/toolchain-atmelavr/bin/../lib/gcc/avr/7.3.0/avr5\libgcc.a(_udivmodsi4.o)
 .debug_abbrev  0x0000062e       0x14 c:/users/frremarn/.platformio/packages/toolchain-atmelavr/bin/../lib/gcc/avr/7.3.0/avr5\libgcc.a(_tablejump2.o)
 .debug_abbrev  0x00000642       0x14 c:/users/frremarn/.platformio/packages/toolchain-atmelavr/bin/../lib/gcc/avr/7.3.0/avr5\libgcc.a(_copy_data.o)
 .debug_abbrev  0x00000656       0x14 c:/users/frremarn/.platformio/packages/toolchain-atmelavr/bin/../lib/gcc/avr/7.3.0/avr5\libgcc.a(_ctors.o)
 .debug_abbrev  0x0000066a       0x14 c:/users/frremarn/.platformio/packages/toolchain-atmelavr/bin/../lib/gcc/avr/7.3.0/avr5\libgcc.a(_dtors.o)

.debug_line     0x00000000      0x792
 *(.debug_line .debug_line.* .debug_line_end)
 .debug_line    0x00000000       0x1a c:/users/frremarn/.platformio/packages/toolchain-atmelavr/bin/../lib/gcc/avr/7.3.0/../../../../avr/lib/avr5/crtatmega328p.o
 .debug_line    0x0000001a       0x62 c:/users/frremarn/.platformio/packages/toolchain-atmelavr/bin/../lib/gcc/avr/7.3.0/avr5\libgcc.a(_exit.o)
 .debug_line    0x0000007c       0x86 c:/users/frremarn/.platformio/packages/toolchain-atmelavr/bin/../lib/gcc/avr/7.3.0/avr5\libgcc.a(_clear_bss.o)
 .debug_line    0x00000102       0x92 c:/users/frremarn/.platformio/packages/toolchain-atmelavr/bin/../lib/gcc/avr/7.3.0/avr5\libgcc.a(_muluhisi3.o)
 .debug_line    0x00000194       0xfe c:/users/frremarn/.platformio/packages/toolchain-atmelavr/bin/../lib/gcc/avr/7.3.0/avr5\libgcc.a(_prologue.o)
 .debug_line    0x00000292       0xf8 c:/users/frremarn/.platformio/packages/toolchain-atmelavr/bin/../lib/gcc/avr/7.3.0/avr5\libgcc.a(_epilogue.o)
 .debug_line    0x0000038a       0xb0 c:/users/frremarn/.platformio/packages/toolchain-atmelavr/bin/../lib/gcc/avr/7.3.0/avr5\libgcc.a(_umulhisi3.o)
 .debug_line    0x0000043a      0x122 c:/users/frremarn/.platformio/packages/toolchain-atmelavr/bin/../lib/gcc/avr/7.3.0/avr5\libgcc.a(_udivmodsi4.o)
 .debug_line    0x0000055c       0x7a c:/users/frremarn/.platformio/packages/toolchain-atmelavr/bin/../lib/gcc/avr/7.3.0/avr5\libgcc.a(_tablejump2.o)
 .debug_line    0x000005d6       0x98 c:/users/frremarn/.platformio/packages/toolchain-atmelavr/bin/../lib/gcc/avr/7.3.0/avr5\libgcc.a(_copy_data.o)
 .debug_line    0x0000066e       0x92 c:/users/frremarn/.platformio/packages/toolchain-atmelavr/bin/../lib/gcc/avr/7.3.0/avr5\libgcc.a(_ctors.o)
 .debug_line    0x00000700       0x92 c:/users/frremarn/.platformio/packages/toolchain-atmelavr/bin/../lib/gcc/avr/7.3.0/avr5\libgcc.a(_dtors.o)

.debug_frame
 *(.debug_frame)

.debug_str      0x00000000      0x208
 *(.debug_str)
 .debug_str     0x00000000      0x208 c:/users/frremarn/.platformio/packages/toolchain-atmelavr/bin/../lib/gcc/avr/7.3.0/../../../../avr/lib/avr5/crtatmega328p.o

.debug_loc
 *(.debug_loc)

.debug_macinfo
 *(.debug_macinfo)

.debug_weaknames
 *(.debug_weaknames)

.debug_funcnames
 *(.debug_funcnames)

.debug_typenames
 *(.debug_typenames)

.debug_varnames
 *(.debug_varnames)

.debug_pubtypes
 *(.debug_pubtypes)

.debug_ranges
 *(.debug_ranges)

.debug_macro
 *(.debug_macro)
OUTPUT(.pio\build\uno\firmware.elf elf32-avr)
LOAD linker stubs
